{"\r":"Carriage Return","1":"One","literals":[null,true,false],"numbers":[3.333333333333333E8,1.0E30,4.5,0.002,1.0E-27],"string":"â‚¬$\u000f\nA'B\"\\\\\"/","Â€":"Control","Ã¶":"Latin Small Letter O With Diaeresis","â‚¬":"Euro Sign","ðŸ˜€":"Emoji: Grinning Face","ï¬³":"Hebrew Letter Dalet With Dagesh"}