&id001
description: Meta is Enola's own schema's Metamodel. It is inspired by RDFS, OWL,
  LinkML, JSON Schema, et al.
id: dev.enola.meta
iri: https://enola.dev/meta
java_package: dev.enola.model.enola.meta
name: Meta
schemaClasses:
  - iri: https://enola.dev/meta/Namespace
    name: Namespace
    properties:
      - datatype: &id002
          name: enola:Name
          schema: *id001
        name: prefix
        schema: *id001
      - datatype: &id006
          name: enola:IRI
          schema: *id001
        name: iri
        schema: *id001
    schema: *id001
  - &id004
    iri: https://enola.dev/meta/Common
    name: Common
    properties:
      - datatype: *id002
        name: enola:name
        schema: *id001
      - datatype: &id003
          name: enola:String
          schema: *id001
        name: enola:label
        schema: *id001
      - datatype: *id003
        name: enola:description
        schema: *id001
      - datatype: *id003
        name: enola:emoji
        schema: *id001
    schema: *id001
  - idProperties:
      - datatype:
          name: enola:Names
          schema: *id001
        name: id
        schema: *id001
    iri: https://enola.dev/meta/Schema
    iriTemplate: https://enola.dev/Schema/{id}
    name: Schema
    parents:
      - *id004
    properties:
      - datatype:
          name: Datatype*
          schema: *id001
        iri: https://enola.dev/meta/datatypes
        name: datatypes
        schema: *id001
      - datatype:
          name: Namespace*
          schema: *id001
        iri: https://enola.dev/meta/prefixes
        name: prefixes
        schema: *id001
      - &id009
        datatype: &id010
          name: Property*
          schema: *id001
        iri: https://enola.dev/meta/properties
        name: properties
        schema: *id001
      - datatype: &id007
          name: Class*
          schema: *id001
        iri: https://enola.dev/meta/classes
        name: classes
        schema: *id001
    schema: *id001
  - &id005
    idProperties:
      - datatype:
          name: Schema
          schema: *id001
        name: schema
        schema: *id001
    iri: https://enola.dev/meta/Type
    name: Type
    parents:
      - *id004
    schema: *id001
  - iri: https://enola.dev/meta/Datatype
    iriTemplate: https://enola.dev/Datatype/{schema}.{name}
    name: Datatype
    parents:
      - *id005
    properties:
      - datatype: *id006
        name: xsd
        schema: *id001
    schema: *id001
  - iri: https://enola.dev/meta/Enum
    iriTemplate: https://enola.dev/Enum/{schema}.{name}
    name: Enum
    parents:
      - *id005
    properties:
      - datatype:
          name: EnumValue*
          schema: *id001
        name: values
        schema: *id001
    schema: *id001
  - iri: https://enola.dev/meta/EnumValue
    iriTemplate: https://enola.dev/EnumValue/{schema}.{name}
    name: EnumValue
    parents:
      - *id005
    schema: *id001
  - iri: https://enola.dev/meta/Property
    iriTemplate: https://enola.dev/Property/{schema}.{name}
    name: Property
    parents:
      - *id005
    properties:
      - &id008
        datatype: *id007
        name: parents
        schema: *id001
      - datatype:
          name: Datatype
          schema: *id001
        name: datatype
        schema: *id001
    schema: *id001
  - iri: https://enola.dev/meta/Class
    iriTemplate: https://enola.dev/Class/{schema}.{name}
    name: Class
    parents:
      - *id005
    properties:
      - *id008
      - *id009
      - datatype: *id010
        name: ids
        schema: *id001
    schema: *id001
